DEBUG: Attempting to initialise project in {current_working_directory}/myapp from template gh:robdmoore/copier-helloworld
No git tags found in template; using HEAD as ref
DEBUG: Project initialisation complete, final clone URL = https://github.com/robdmoore/copier-helloworld.git
üôå Project initialized! For next steps, consult the documentation of your selected template üßê
Your selected template comes from:
‚û°Ô∏è  https://github.com/robdmoore/copier-helloworld
