WARNING: Re-using existing directory, this is not recommended because if project generation fails, then we can't automatically cleanup.
WARNING: Community templates have not been reviewed, and can execute arbitrary code.
Please inspect the template repository, and pay particular attention to the value of _tasks in copier.yml
DEBUG: Attempting to initialise project in {current_working_directory}/FAKE_PROJECT_2 from template {test_parent_directory}/copier-helloworld.bundle
No git tags found in template; using HEAD as ref
DEBUG: Project initialisation complete, final clone URL = {test_parent_directory}/copier-helloworld.bundle
üôå Project initialized! For next steps, consult the documentation of your selected template üßê
