Hello I'm the sandbox command group
Starting the AlgoKit sandbox now...
['docker', 'network', 'create', '-d', 'bridge', 'algokit-network']
['docker', 'run', '-p', '4001:4001', '-p', '4002:4002', '-p', '9392:9392', '--network', 'algokit-network', '--label', 'com.docker.compose.project="AlgoKit_sandbox"', '--name', 'algokit_algod', '-d', 'makerxau/algorand-sandbox-dev:latest']
['docker', 'run', '-u', 'postgres', '-e', 'POSTGRES_USER=algorand', '-e', 'POSTGRES_PASSWORD=algorand', '-e', 'POSTGRES_DB=indexer_db', '--network', 'algokit-network', '--label', 'com.docker.compose.project="AlgoKit_sandbox"', '--name', 'algokit_postgres', '-d', 'postgres:13-alpine']
['docker', 'run', '-p', '8980:8980', '-e', 'ALGOD_HOST=algokit_algod', '-e', 'POSTGRES_HOST=algokit_postgres', '-e', 'POSTGRES_PORT=5432', '-e', 'POSTGRES_USER=algorand', '-e', 'POSTGRES_PASSWORD=algorand', '-e', 'POSTGRES_DB=indexer_db', '--network', 'algokit-network', '--label', 'com.docker.compose.project="AlgoKit_sandbox"', '--name', 'algokit_indexer', '-d', 'makerxau/algorand-indexer-dev:latest']
