ERROR: STDERR
----
STDERR:
----
Error: Docker engine isn't running; please start it. 
