DEBUG: Running 'docker compose version --format json' in '{current_working_directory}'
DEBUG: docker: {"version": "v2.5.0"}
DEBUG: Running 'docker version' in '{current_working_directory}'
DEBUG: docker: STDOUT
DEBUG: docker: STDERR
Deleting any existing Sandbox...
DEBUG: Running 'docker compose down' in '{app_config}/sandbox'
DEBUG: docker: STDOUT
DEBUG: docker: STDERR
Looking for latest Sandbox images from DockerHub...
DEBUG: Running 'docker compose pull --ignore-pull-failures --quiet' in '{app_config}/sandbox'
docker: STDOUT
docker: STDERR
Starting the AlgoKit sandbox now...
DEBUG: Running 'docker compose up --detach --quiet-pull --wait' in '{app_config}/sandbox'
docker: STDOUT
docker: STDERR
Started; execute `algokit sandbox status` to check the status.
