DEBUG: Writing source script {home}/.config/algokit/.algokit-completions.bash
DEBUG: {home}/.bashrc already contains completion source
AlgoKit completions installed for bash ðŸŽ‰
Restart shell or run `. ~/.bashrc` to enable completions
----
profile:
----
# ORIGINAL END OF FILE
. ~/.config/algokit/.algokit-completions.bash
