DEBUG: Removing source script {home}/.config/algokit/.algokit-completions.bash
AlgoKit completions uninstalled for bash ðŸŽ‰
