Available examples:
  react-vite - React Vite
  python-smart-contract - Python Smart Contract
