Example nonexistent not found
Available example ids:
  react-vite
  python-smart-contract
