DEBUG: Running 'docker version' in '{current_working_directory}'
DEBUG: docker: STDOUT
DEBUG: docker: STDERR
DEBUG: Running 'docker exec algokit_algod goal' in '{current_working_directory}'
 STDOUT
 STDERR
