Opening testnet explorer in your default browser
URL: https://explore.algokit.io/testnet
----
launch args:
----
call('https://explore.algokit.io/testnet')
