Opening localnet explorer in your default browser
URL: https://explore.algokit.io/localnet
----
launch args:
----
call('https://explore.algokit.io/localnet')
