Opening mainnet explorer in your default browser
URL: https://explore.algokit.io/mainnet
----
launch args:
----
call('https://explore.algokit.io/mainnet')
