DEBUG: Running 'docker compose version --format json' in '{current_working_directory}'
DEBUG: docker: {"version": "v2.5.0"}
DEBUG: Running 'docker version' in '{current_working_directory}'
DEBUG: docker: STDOUT
DEBUG: docker: STDERR
DEBUG: Sandbox directory does not exist yet; creating it
DEBUG: Sandbox compose file does not exist yet; writing it out for the first time
Starting the AlgoKit sandbox now...
DEBUG: Running 'docker compose up --detach --quiet-pull --wait' in '{app_config}/sandbox'
docker: STDOUT
docker: STDERR
Error: Failed to start Sandbox
