DEBUG: Running 'docker compose version --format json' in '{current_working_directory}'
DEBUG: docker: {"version": "v2.5.0"}
DEBUG: Running 'docker version' in '{current_working_directory}'
DEBUG: docker: STDOUT
DEBUG: docker: STDERR
Stopping the AlgoKit sandbox now...
DEBUG: Running 'docker compose stop' in '{app_config}/sandbox'
docker: STDOUT
docker: STDERR
Sandbox Stopped; execute `algokit sandbox start` to start it again.
